ITEM: TIMESTEP
0
ITEM: NUMBER OF ATOMS
2
ITEM: BOX BOUNDS pp pp pp
0.0000000000000000e+00 2.7799999999999998e+00
0.0000000000000000e+00 2.7799999999999998e+00
0.0000000000000000e+00 2.7799999999999998e+00
ITEM: ATOMS id type xsu ysu zsu fx fy fz 
1 1                    0                    0                    0                    0 4.85722573273506e-17 -2.77555756156289e-17 
2 1                  0.5                  0.5                  0.5                    0 1.31838984174237e-16 3.53883589099269e-16 
